// Jest Snapshot v1, https://goo.gl/fbAQLP

exports[`AddHouse renders correctly 1`] = `
<div>
  <h2>
    Add House
  </h2>
  <form
    onSubmit={[Function]}
  >
    <input
      name="address"
      onChange={[Function]}
      placeholder="address"
      type="text"
      value=""
    />
    <select
      name="house_type"
      onChange={[Function]}
      value=""
    >
      <option
        value="apartment"
      >
        apartment
      </option>
      <option
        value="house"
      >
        house
      </option>
      <option
        value="penthouse"
      >
        penthouse
      </option>
      <option
        value="studio"
      >
        studio
      </option>
      <option
        value="villa"
      >
        villa
      </option>
      <option
        value="igloo"
      >
        igloo
      </option>
      <option
        value="treehouse"
      >
        treehouse
      </option>
      <option
        value="row-house"
      >
        row house
      </option>
      <option
        value="other"
      >
        other
      </option>
    </select>
    <input
      name="rooms"
      onChange={[Function]}
      placeholder="rooms"
      type="integer"
      value=""
    />
    <select
      name="balcony"
      onChange={[Function]}
      value=""
    >
      <option
        value="true"
      >
        true
      </option>
      <option
        value="false"
      >
        false
      </option>
    </select>
    <input
      name="size"
      onChange={[Function]}
      placeholder="size"
      type="integer"
      value=""
    />
    <input
      accept="image/*"
      multiple={false}
      name="image"
      onChange={[Function]}
      type="file"
    />
    <button
      onSubmit={[Function]}
      type="submit"
    >
      Submit
    </button>
  </form>
</div>
`;
